Circuit: * Z:\home\ashton\School\eced3202\lab1\Lab 1 Amplifier V1.asc

WARNING: Less than two connections to node N003.  This node is used by V4.
Direct Newton iteration failed to find .op point.  (Use ".option noopiter" to skip.)
Starting Gmin stepping
Gmin = 10
Gmin = 1.07374
vernier = 0.5
vernier = 0.25
vernier = 0.125
vernier = 0.0625
Gmin = 1.08884
vernier = 0.03125
vernier = 0.015625
Gmin = 1.03122
vernier = 0.0078125
vernier = 0.00390625
Gmin = 1.01823
vernier = 0.00520833
vernier = 0.00260417
Gmin = 1.01162
vernier = 0.00347222
vernier = 0.00173611
vernier = 0.00231481
vernier = 0.00115741
Gmin = 1.00877
vernier = 0.00154321
vernier = 0.000771604
Gmin = 1.00673
vernier = 0.00102881
vernier = 0.000514403
vernier = 0.00068587
Gmin = 1.00553
vernier = 0.000514403
vernier = 0.00068587
vernier = 0.000514402
Gmin = 1.00475
Gmin = 0
Gmin stepping failed

Starting source stepping with srcstepmethod=0
Source Step = 3.0303%
Source Step = 33.3333%
Source Step = 63.6364%
Source Step = 93.9394%
Source stepping succeeded in finding the operating point.

Direct Newton iteration for .op point succeeded.
Direct Newton iteration for .op point succeeded.

Date: Thu Sep 24 14:52:03 2026
Total elapsed time: 0.096 seconds.

tnom = 27
temp = 27
method = trap
totiter = 6176
traniter = 0
tranpoints = 0
accept = 0
rejected = 0
matrix size = 14
fillins = 4
solver = Normal
Matrix Compiler1: off  [0.2]/0.3/0.3
Matrix Compiler2: off
