LTspice 26.1.1 for Windows
Circuit: Z:\home\ashton\School\eced3202\lab3\Lab 3 Amplifer V1.net
Start Time: Fri Oct  2 17:00:46 2026
solver = Normal
Maximum thread count: 16
tnom = 27
temp = 27
method = modified trap
Direct Newton iteration succeeded in finding operating point.
Total elapsed time: 0.174 seconds.
Total iterations: 6681

Files loaded:
Z:\home\ashton\School\eced3202\lab3\Lab 3 Amplifer V1.net
C:\users\ashton\AppData\Local\LTspice\lib\cmp\standard.bjt

Fourier components of V(out)
N-Period=1
DC component:-0.000622714

Harmonic	Frequency	 Fourier 	Normalized	 Phase  	Normalized
 Number 	  [Hz]   	Component	 Component	[degree]	Phase [deg]
    1   	 1.000e+02	 2.329e+00	 1.000e+00	 -109.29°	    0.00°
    2   	 2.000e+02	 3.943e-02	 1.693e-02	  -34.85°	   74.44°
    3   	 3.000e+02	 6.514e-03	 2.797e-03	  145.85°	  255.14°
    4   	 4.000e+02	 1.578e-03	 6.774e-04	  148.52°	  257.81°
    5   	 5.000e+02	 5.292e-03	 2.272e-03	  -70.93°	   38.36°
    6   	 6.000e+02	 1.144e-04	 4.912e-05	 -145.94°	  -36.65°
    7   	 7.000e+02	 4.290e-03	 1.842e-03	  123.84°	  233.13°
    8   	 8.000e+02	 7.577e-04	 3.253e-04	  123.27°	  232.56°
    9   	 9.000e+02	 2.066e-03	 8.869e-04	  -48.74°	   60.55°
Partial Harmonic Distortion: 1.744833%
Total Harmonic Distortion:   1.760594%

